// Vitest Snapshot v1, https://vitest.dev/guide/snapshot.html

exports[`Button should match spanshot 1`] = `
<DocumentFragment>
  <button
    class="bg-red-900 px-8 py-4 text-white"
  >
    Test
  </button>
</DocumentFragment>
`;
